// Jest Snapshot v1, https://goo.gl/fbAQLP

exports[`Pruebas en <GifItem>/> debe hacer match con el snapshot 1`] = `
<div>
  <div
    class="card"
  >
    <img
      alt="Vikings"
      src="https://www.test.com/img.jgp"
    />
    <p>
      Vikings
    </p>
  </div>
</div>
`;
